---
source: crates/astria-sequencer/src/app/tests_breaking_changes.rs
assertion_line: 302
expression: app.app_hash.as_bytes()
---
[
  46,
  109,
  29,
  82,
  36,
  202,
  148,
  164,
  2,
  245,
  114,
  74,
  184,
  136,
  119,
  249,
  242,
  44,
  10,
  144,
  235,
  145,
  101,
  253,
  231,
  40,
  49,
  217,
  251,
  199,
  212,
  120
]
