---
source: crates/astria-sequencer/src/app/tests_breaking_changes.rs
assertion_line: 77
expression: app.app_hash.as_bytes()
---
[
  205,
  152,
  226,
  15,
  128,
  37,
  207,
  143,
  154,
  199,
  133,
  190,
  25,
  14,
  145,
  145,
  42,
  248,
  212,
  41,
  100,
  112,
  129,
  65,
  41,
  163,
  221,
  190,
  208,
  192,
  156,
  117
]
