---
source: crates/astria-sequencer/src/grpc/storage/keys.rs
assertion_line: 50
expression: rollup_ids_proof_by_hash(&BLOCK_HASH)
---
grpc/rollup_ids_proof/0101010101010101010101010101010101010101010101010101010101010101
