---
source: crates/astria-sequencer/src/grpc/storage/keys.rs
assertion_line: 47
expression: "rollup_data_by_hash_and_rollup_id(&BLOCK_HASH, &ROLLUP_ID)"
---
grpc/rollup_data/0101010101010101010101010101010101010101010101010101010101010101/AgICAgICAgICAgICAgICAgICAgICAgICAgICAgICAgI=
