---
source: crates/astria-sequencer/src/grpc/storage/keys.rs
assertion_line: 46
expression: sequencer_block_header_by_hash(&BLOCK_HASH)
---
grpc/block_header/0101010101010101010101010101010101010101010101010101010101010101
